// Jest Snapshot v1, https://goo.gl/fbAQLP

exports[`<TextInput /> should match a snapshot 1`] = `
<div>
  <input
    placeholder="Seach what you want"
    type="search"
    value=""
  />
</div>
`;
